// Jest Snapshot v1, https://goo.gl/fbAQLP

exports[`App has a valid snapshot 1`] = `
<div
  className="page"
>
  <div
    className="interactions"
  >
    <form
      onSubmit={[Function]}
    >
      <input
        onChange={[Function]}
        type="Text"
        value="redux"
      />
      <button
        type="submit"
      >
        Search
      </button>
    </form>
  </div>
  <div
    className="interactions"
  >
    <div
      className="table"
    />
    <button
      onClick={[Function]}
      type="button"
    >
      More
    </button>
  </div>
</div>
`;

exports[`Search has a valid snapshot 1`] = `
<form>
  <input
    type="Text"
  />
  <button
    type="submit"
  />
</form>
`;
